#
# There is insufficient memory for the Java Runtime Environment to continue.
# Native memory allocation (malloc) failed to allocate 1520976 bytes for Chunk::new
# Possible reasons:
#   The system is out of physical RAM or swap space
#   The process is running with CompressedOops enabled, and the Java Heap may be blocking the growth of the native heap
# Possible solutions:
#   Reduce memory load on the system
#   Increase physical memory or swap space
#   Check if swap backing store is full
#   Decrease Java heap size (-Xmx/-Xms)
#   Decrease number of Java threads
#   Decrease Java thread stack sizes (-Xss)
#   Set larger code cache with -XX:ReservedCodeCacheSize=
#   JVM is running with Unscaled Compressed Oops mode in which the Java heap is
#     placed in the first 4GB address space. The Java Heap base address is the
#     maximum limit for the native heap growth. Please use -XX:HeapBaseMinAddress
#     to set the Java Heap base and to place the Java Heap above 4GB virtual address.
# This output file may be truncated or incomplete.
#
#  Out of Memory Error (arena.cpp:168), pid=12188, tid=8136
#
# JRE version: Java(TM) SE Runtime Environment (21.0.6+8) (build 21.0.6+8-LTS-188)
# Java VM: Java HotSpot(TM) 64-Bit Server VM (21.0.6+8-LTS-188, mixed mode, tiered, compressed oops, compressed class ptrs, g1 gc, windows-amd64)
# No core dump will be written. Minidumps are not enabled by default on client versions of Windows
#

---------------  S U M M A R Y ------------

Command Line: --enable-native-access=ALL-UNNAMED -Dclassworlds.conf=C:\Users\Gauta\.m2\wrapper\dists\apache-maven-3.9.16\0daed3be3ebd1c706f0e69e8b07c6b73f5cc4ea3dfce72a8d0ec2e849ca2ddb0\bin\m2.conf -Dmaven.home=C:\Users\Gauta\.m2\wrapper\dists\apache-maven-3.9.16\0daed3be3ebd1c706f0e69e8b07c6b73f5cc4ea3dfce72a8d0ec2e849ca2ddb0 -Dlibrary.jansi.path=C:\Users\Gauta\.m2\wrapper\dists\apache-maven-3.9.16\0daed3be3ebd1c706f0e69e8b07c6b73f5cc4ea3dfce72a8d0ec2e849ca2ddb0\lib\jansi-native -Dmaven.multiModuleProjectDirectory=D:\CDAC Project\AI-Travel-Planner\backend\maps-service org.codehaus.plexus.classworlds.launcher.Launcher spring-boot:run

Host: AMD Ryzen 5 5500U with Radeon Graphics         , 12 cores, 5G,  Windows 11 , 64 bit Build 26100 (10.0.26100.8875)
Time: Tue Aug  4 22:12:55 2026 India Standard Time elapsed time: 25.139151 seconds (0d 0h 0m 25s)

---------------  T H R E A D  ---------------

Current thread (0x00000201a84df220):  JavaThread "C2 CompilerThread0" daemon [_thread_in_native, id=8136, stack(0x0000003264a00000,0x0000003264b00000) (1024K)]


Current CompileTask:
C2:  25139 5492   !   4       java.nio.file.FileTreeWalker::next (144 bytes)

Stack: [0x0000003264a00000,0x0000003264b00000]
Native frames: (J=compiled Java code, j=interpreted, Vv=VM code, C=native code)
V  [jvm.dll+0x6ca6d9]
V  [jvm.dll+0x854f51]
V  [jvm.dll+0x85747e]
V  [jvm.dll+0x857b53]
V  [jvm.dll+0x27dcc6]
V  [jvm.dll+0xc4c2d]
V  [jvm.dll+0xc5163]
V  [jvm.dll+0x3b5122]
V  [jvm.dll+0x381855]
V  [jvm.dll+0x380cca]
V  [jvm.dll+0x246920]
V  [jvm.dll+0x245eff]
V  [jvm.dll+0x1c6d2e]
V  [jvm.dll+0x2554f9]
V  [jvm.dll+0x253a8a]
V  [jvm.dll+0x3ee576]
V  [jvm.dll+0x7ff2fb]
V  [jvm.dll+0x6c8dbd]
C  [ucrtbase.dll+0x2cd30]
C  [KERNEL32.DLL+0x2e957]
C  [ntdll.dll+0xaad6c]


---------------  P R O C E S S  ---------------

Threads class SMR info:
_java_thread_list=0x00000201addc6020, length=12, elements={
0x000002018bf6ac00, 0x00000201a84ac000, 0x00000201a84ac660, 0x00000201a84a2600,
0x00000201a84a2c60, 0x00000201a84a32c0, 0x00000201a84a3920, 0x00000201a84df220,
0x00000201a8503ae0, 0x00000201a8683c70, 0x00000201a868a2f0, 0x00000201ade644b0
}

Java Threads: ( => current thread )
  0x000002018bf6ac00 JavaThread "main"                              [_thread_in_native, id=15592, stack(0x0000003263c00000,0x0000003263d00000) (1024K)]
  0x00000201a84ac000 JavaThread "Reference Handler"          daemon [_thread_blocked, id=26532, stack(0x0000003264400000,0x0000003264500000) (1024K)]
  0x00000201a84ac660 JavaThread "Finalizer"                  daemon [_thread_blocked, id=19832, stack(0x0000003264500000,0x0000003264600000) (1024K)]
  0x00000201a84a2600 JavaThread "Signal Dispatcher"          daemon [_thread_blocked, id=23408, stack(0x0000003264600000,0x0000003264700000) (1024K)]
  0x00000201a84a2c60 JavaThread "Attach Listener"            daemon [_thread_blocked, id=22928, stack(0x0000003264700000,0x0000003264800000) (1024K)]
  0x00000201a84a32c0 JavaThread "Service Thread"             daemon [_thread_blocked, id=28544, stack(0x0000003264800000,0x0000003264900000) (1024K)]
  0x00000201a84a3920 JavaThread "Monitor Deflation Thread"   daemon [_thread_blocked, id=14052, stack(0x0000003264900000,0x0000003264a00000) (1024K)]
=>0x00000201a84df220 JavaThread "C2 CompilerThread0"         daemon [_thread_in_native, id=8136, stack(0x0000003264a00000,0x0000003264b00000) (1024K)]
  0x00000201a8503ae0 JavaThread "C1 CompilerThread0"         daemon [_thread_blocked, id=21236, stack(0x0000003264b00000,0x0000003264c00000) (1024K)]
  0x00000201a8683c70 JavaThread "Notification Thread"        daemon [_thread_blocked, id=19488, stack(0x0000003264c00000,0x0000003264d00000) (1024K)]
  0x00000201a868a2f0 JavaThread "Common-Cleaner"             daemon [_thread_blocked, id=22168, stack(0x0000003264d00000,0x0000003264e00000) (1024K)]
  0x00000201ade644b0 JavaThread "Thread-1"                   daemon [_thread_blocked, id=11468, stack(0x0000003265900000,0x0000003265a00000) (1024K)]
Total: 12

Other Threads:
  0x00000201a82fb320 VMThread "VM Thread"                           [id=25144, stack(0x0000003264300000,0x0000003264400000) (1024K)]
  0x00000201a829a080 WatcherThread "VM Periodic Task Thread"        [id=16572, stack(0x0000003264200000,0x0000003264300000) (1024K)]
  0x000002018bfadce0 WorkerThread "GC Thread#0"                     [id=24712, stack(0x0000003263d00000,0x0000003263e00000) (1024K)]
  0x00000201a82fba60 WorkerThread "GC Thread#1"                     [id=18896, stack(0x0000003264e00000,0x0000003264f00000) (1024K)]
  0x00000201a82fbe00 WorkerThread "GC Thread#2"                     [id=21700, stack(0x0000003264f00000,0x0000003265000000) (1024K)]
  0x00000201a82faf80 WorkerThread "GC Thread#3"                     [id=13192, stack(0x0000003265000000,0x0000003265100000) (1024K)]
  0x00000201a82fc1a0 WorkerThread "GC Thread#4"                     [id=3732, stack(0x0000003265100000,0x0000003265200000) (1024K)]
  0x00000201a82fc540 WorkerThread "GC Thread#5"                     [id=22516, stack(0x0000003265200000,0x0000003265300000) (1024K)]
  0x00000201a82fabe0 WorkerThread "GC Thread#6"                     [id=17600, stack(0x0000003265300000,0x0000003265400000) (1024K)]
  0x00000201ad9f4440 WorkerThread "GC Thread#7"                     [id=16156, stack(0x0000003265400000,0x0000003265500000) (1024K)]
  0x00000201ad9f2000 WorkerThread "GC Thread#8"                     [id=21920, stack(0x0000003265500000,0x0000003265600000) (1024K)]
  0x00000201ad9f52c0 WorkerThread "GC Thread#9"                     [id=3696, stack(0x0000003265600000,0x0000003265700000) (1024K)]
  0x000002018bfba800 ConcurrentGCThread "G1 Main Marker"            [id=3604, stack(0x0000003263e00000,0x0000003263f00000) (1024K)]
  0x000002018bfbc310 WorkerThread "G1 Conc#0"                       [id=19764, stack(0x0000003263f00000,0x0000003264000000) (1024K)]
  0x00000201ad9f2e80 WorkerThread "G1 Conc#1"                       [id=5948, stack(0x0000003265700000,0x0000003265800000) (1024K)]
  0x00000201ad9f2ae0 WorkerThread "G1 Conc#2"                       [id=9284, stack(0x0000003265800000,0x0000003265900000) (1024K)]
  0x00000201a81630c0 ConcurrentGCThread "G1 Refine#0"               [id=12940, stack(0x0000003264000000,0x0000003264100000) (1024K)]
  0x00000201a8168520 ConcurrentGCThread "G1 Service"                [id=25764, stack(0x0000003264100000,0x0000003264200000) (1024K)]
Total: 18

Threads with active compile tasks:
C2 CompilerThread0    25189 5492   !   4       java.nio.file.FileTreeWalker::next (144 bytes)
Total: 1

VM state: not at safepoint (normal execution)

VM Mutex/Monitor currently owned by a thread: None

Heap address: 0x00000000a2600000, size: 1498 MB, Compressed Oops mode: 32-bit

CDS archive(s) not mapped
Compressed class space mapped at: 0x0000000100000000-0x0000000140000000, reserved size: 1073741824
Narrow klass base: 0x0000000000000000, Narrow klass shift: 3, Narrow klass range: 0x140000000

GC Precious Log:
 CardTable entry size: 512
 Card Set container configuration: InlinePtr #cards 5 size 8 Array Of Cards #cards 12 size 40 Howl #buckets 4 coarsen threshold 1843 Howl Bitmap #cards 512 size 80 coarsen threshold 460 Card regions per heap region 1 cards per card region 2048
 CPUs: 12 total, 12 available
 Memory: 5989M
 Large Page Support: Disabled
 NUMA Support: Disabled
 Compressed Oops: Enabled (32-bit)
 Heap Region Size: 1M
 Heap Min Capacity: 8M
 Heap Initial Capacity: 94M
 Heap Max Capacity: 1498M
 Pre-touch: Disabled
 Parallel Workers: 10
 Concurrent Workers: 3
 Concurrent Refinement Workers: 10
 Periodic GC: Disabled

Heap:
 garbage-first heap   total 97280K, used 52957K [0x00000000a2600000, 0x0000000100000000)
  region size 1024K, 20 young (20480K), 7 survivors (7168K)
 Metaspace       used 36475K, committed 36800K, reserved 1114112K
  class space    used 3843K, committed 3968K, reserved 1048576K

Heap Regions: E=young(eden), S=young(survivor), O=old, HS=humongous(starts), HC=humongous(continues), CS=collection set, F=free, TAMS=top-at-mark-start, PB=parsable bottom
|   0|0x00000000a2600000, 0x00000000a2700000, 0x00000000a2700000|100%| O|  |TAMS 0x00000000a2600000| PB 0x00000000a2600000| Untracked 
|   1|0x00000000a2700000, 0x00000000a2800000, 0x00000000a2800000|100%| O|  |TAMS 0x00000000a2700000| PB 0x00000000a2700000| Untracked 
|   2|0x00000000a2800000, 0x00000000a2900000, 0x00000000a2900000|100%| O|  |TAMS 0x00000000a2800000| PB 0x00000000a2800000| Untracked 
|   3|0x00000000a2900000, 0x00000000a2a00000, 0x00000000a2a00000|100%| O|  |TAMS 0x00000000a2900000| PB 0x00000000a2900000| Untracked 
|   4|0x00000000a2a00000, 0x00000000a2b00000, 0x00000000a2b00000|100%| O|  |TAMS 0x00000000a2a00000| PB 0x00000000a2a00000| Untracked 
|   5|0x00000000a2b00000, 0x00000000a2c00000, 0x00000000a2c00000|100%| O|  |TAMS 0x00000000a2b00000| PB 0x00000000a2b00000| Untracked 
|   6|0x00000000a2c00000, 0x00000000a2d00000, 0x00000000a2d00000|100%| O|  |TAMS 0x00000000a2c00000| PB 0x00000000a2c00000| Untracked 
|   7|0x00000000a2d00000, 0x00000000a2e00000, 0x00000000a2e00000|100%| O|  |TAMS 0x00000000a2d00000| PB 0x00000000a2d00000| Untracked 
|   8|0x00000000a2e00000, 0x00000000a2f00000, 0x00000000a2f00000|100%| O|  |TAMS 0x00000000a2e00000| PB 0x00000000a2e00000| Untracked 
|   9|0x00000000a2f00000, 0x00000000a3000000, 0x00000000a3000000|100%| O|  |TAMS 0x00000000a2f00000| PB 0x00000000a2f00000| Untracked 
|  10|0x00000000a3000000, 0x00000000a3000000, 0x00000000a3100000|  0%| F|  |TAMS 0x00000000a3000000| PB 0x00000000a3000000| Untracked 
|  11|0x00000000a3100000, 0x00000000a3200000, 0x00000000a3200000|100%| O|  |TAMS 0x00000000a3100000| PB 0x00000000a3100000| Untracked 
|  12|0x00000000a3200000, 0x00000000a3300000, 0x00000000a3300000|100%| O|  |TAMS 0x00000000a3200000| PB 0x00000000a3200000| Untracked 
|  13|0x00000000a3300000, 0x00000000a3400000, 0x00000000a3400000|100%| O|  |TAMS 0x00000000a3300000| PB 0x00000000a3300000| Untracked 
|  14|0x00000000a3400000, 0x00000000a3500000, 0x00000000a3500000|100%| O|  |TAMS 0x00000000a3400000| PB 0x00000000a3400000| Untracked 
|  15|0x00000000a3500000, 0x00000000a3500000, 0x00000000a3600000|  0%| F|  |TAMS 0x00000000a3500000| PB 0x00000000a3500000| Untracked 
|  16|0x00000000a3600000, 0x00000000a3600000, 0x00000000a3700000|  0%| F|  |TAMS 0x00000000a3600000| PB 0x00000000a3600000| Untracked 
|  17|0x00000000a3700000, 0x00000000a3800000, 0x00000000a3800000|100%|HS|  |TAMS 0x00000000a3700000| PB 0x00000000a3700000| Complete 
|  18|0x00000000a3800000, 0x00000000a3900000, 0x00000000a3900000|100%|HC|  |TAMS 0x00000000a3800000| PB 0x00000000a3800000| Complete 
|  19|0x00000000a3900000, 0x00000000a3a00000, 0x00000000a3a00000|100%|HC|  |TAMS 0x00000000a3900000| PB 0x00000000a3900000| Complete 
|  20|0x00000000a3a00000, 0x00000000a3b00000, 0x00000000a3b00000|100%|HS|  |TAMS 0x00000000a3a00000| PB 0x00000000a3a00000| Complete 
|  21|0x00000000a3b00000, 0x00000000a3c00000, 0x00000000a3c00000|100%|HC|  |TAMS 0x00000000a3b00000| PB 0x00000000a3b00000| Complete 
|  22|0x00000000a3c00000, 0x00000000a3d00000, 0x00000000a3d00000|100%|HC|  |TAMS 0x00000000a3c00000| PB 0x00000000a3c00000| Complete 
|  23|0x00000000a3d00000, 0x00000000a3e00000, 0x00000000a3e00000|100%| O|  |TAMS 0x00000000a3d00000| PB 0x00000000a3d00000| Untracked 
|  24|0x00000000a3e00000, 0x00000000a3f00000, 0x00000000a3f00000|100%|HS|  |TAMS 0x00000000a3e00000| PB 0x00000000a3e00000| Complete 
|  25|0x00000000a3f00000, 0x00000000a3f00000, 0x00000000a4000000|  0%| F|  |TAMS 0x00000000a3f00000| PB 0x00000000a3f00000| Untracked 
|  26|0x00000000a4000000, 0x00000000a4100000, 0x00000000a4100000|100%|HS|  |TAMS 0x00000000a4000000| PB 0x00000000a4000000| Complete 
|  27|0x00000000a4100000, 0x00000000a4200000, 0x00000000a4200000|100%| S|CS|TAMS 0x00000000a4100000| PB 0x00000000a4100000| Complete 
|  28|0x00000000a4200000, 0x00000000a4300000, 0x00000000a4300000|100%| S|CS|TAMS 0x00000000a4200000| PB 0x00000000a4200000| Complete 
|  29|0x00000000a4300000, 0x00000000a4400000, 0x00000000a4400000|100%| S|CS|TAMS 0x00000000a4300000| PB 0x00000000a4300000| Complete 
|  30|0x00000000a4400000, 0x00000000a4500000, 0x00000000a4500000|100%| S|CS|TAMS 0x00000000a4400000| PB 0x00000000a4400000| Complete 
|  31|0x00000000a4500000, 0x00000000a4600000, 0x00000000a4600000|100%| S|CS|TAMS 0x00000000a4500000| PB 0x00000000a4500000| Complete 
|  32|0x00000000a4600000, 0x00000000a4700000, 0x00000000a4700000|100%| S|CS|TAMS 0x00000000a4600000| PB 0x00000000a4600000| Complete 
|  33|0x00000000a4700000, 0x00000000a4700000, 0x00000000a4800000|  0%| F|  |TAMS 0x00000000a4700000| PB 0x00000000a4700000| Untracked 
|  34|0x00000000a4800000, 0x00000000a4800000, 0x00000000a4900000|  0%| F|  |TAMS 0x00000000a4800000| PB 0x00000000a4800000| Untracked 
|  35|0x00000000a4900000, 0x00000000a4900000, 0x00000000a4a00000|  0%| F|  |TAMS 0x00000000a4900000| PB 0x00000000a4900000| Untracked 
|  36|0x00000000a4a00000, 0x00000000a4a00000, 0x00000000a4b00000|  0%| F|  |TAMS 0x00000000a4a00000| PB 0x00000000a4a00000| Untracked 
|  37|0x00000000a4b00000, 0x00000000a4b00000, 0x00000000a4c00000|  0%| F|  |TAMS 0x00000000a4b00000| PB 0x00000000a4b00000| Untracked 
|  38|0x00000000a4c00000, 0x00000000a4c00000, 0x00000000a4d00000|  0%| F|  |TAMS 0x00000000a4c00000| PB 0x00000000a4c00000| Untracked 
|  39|0x00000000a4d00000, 0x00000000a4d00000, 0x00000000a4e00000|  0%| F|  |TAMS 0x00000000a4d00000| PB 0x00000000a4d00000| Untracked 
|  40|0x00000000a4e00000, 0x00000000a4e00000, 0x00000000a4f00000|  0%| F|  |TAMS 0x00000000a4e00000| PB 0x00000000a4e00000| Untracked 
|  41|0x00000000a4f00000, 0x00000000a4f00000, 0x00000000a5000000|  0%| F|  |TAMS 0x00000000a4f00000| PB 0x00000000a4f00000| Untracked 
|  42|0x00000000a5000000, 0x00000000a5000000, 0x00000000a5100000|  0%| F|  |TAMS 0x00000000a5000000| PB 0x00000000a5000000| Untracked 
|  43|0x00000000a5100000, 0x00000000a5100000, 0x00000000a5200000|  0%| F|  |TAMS 0x00000000a5100000| PB 0x00000000a5100000| Untracked 
|  44|0x00000000a5200000, 0x00000000a5200000, 0x00000000a5300000|  0%| F|  |TAMS 0x00000000a5200000| PB 0x00000000a5200000| Untracked 
|  45|0x00000000a5300000, 0x00000000a5300000, 0x00000000a5400000|  0%| F|  |TAMS 0x00000000a5300000| PB 0x00000000a5300000| Untracked 
|  46|0x00000000a5400000, 0x00000000a5400000, 0x00000000a5500000|  0%| F|  |TAMS 0x00000000a5400000| PB 0x00000000a5400000| Untracked 
|  47|0x00000000a5500000, 0x00000000a5500000, 0x00000000a5600000|  0%| F|  |TAMS 0x00000000a5500000| PB 0x00000000a5500000| Untracked 
|  48|0x00000000a5600000, 0x00000000a5700000, 0x00000000a5700000|100%| O|  |TAMS 0x00000000a5600000| PB 0x00000000a5600000| Untracked 
|  49|0x00000000a5700000, 0x00000000a5700000, 0x00000000a5800000|  0%| F|  |TAMS 0x00000000a5700000| PB 0x00000000a5700000| Untracked 
|  50|0x00000000a5800000, 0x00000000a5800000, 0x00000000a5900000|  0%| F|  |TAMS 0x00000000a5800000| PB 0x00000000a5800000| Untracked 
|  51|0x00000000a5900000, 0x00000000a5900000, 0x00000000a5a00000|  0%| F|  |TAMS 0x00000000a5900000| PB 0x00000000a5900000| Untracked 
|  52|0x00000000a5a00000, 0x00000000a5a00000, 0x00000000a5b00000|  0%| F|  |TAMS 0x00000000a5a00000| PB 0x00000000a5a00000| Untracked 
|  53|0x00000000a5b00000, 0x00000000a5b00000, 0x00000000a5c00000|  0%| F|  |TAMS 0x00000000a5b00000| PB 0x00000000a5b00000| Untracked 
|  54|0x00000000a5c00000, 0x00000000a5c00000, 0x00000000a5d00000|  0%| F|  |TAMS 0x00000000a5c00000| PB 0x00000000a5c00000| Untracked 
|  55|0x00000000a5d00000, 0x00000000a5d00000, 0x00000000a5e00000|  0%| F|  |TAMS 0x00000000a5d00000| PB 0x00000000a5d00000| Untracked 
|  56|0x00000000a5e00000, 0x00000000a5e00000, 0x00000000a5f00000|  0%| F|  |TAMS 0x00000000a5e00000| PB 0x00000000a5e00000| Untracked 
|  57|0x00000000a5f00000, 0x00000000a5f00000, 0x00000000a6000000|  0%| F|  |TAMS 0x00000000a5f00000| PB 0x00000000a5f00000| Untracked 
|  58|0x00000000a6000000, 0x00000000a6000000, 0x00000000a6100000|  0%| F|  |TAMS 0x00000000a6000000| PB 0x00000000a6000000| Untracked 
|  59|0x00000000a6100000, 0x00000000a6100000, 0x00000000a6200000|  0%| F|  |TAMS 0x00000000a6100000| PB 0x00000000a6100000| Untracked 
|  60|0x00000000a6200000, 0x00000000a6200000, 0x00000000a6300000|  0%| F|  |TAMS 0x00000000a6200000| PB 0x00000000a6200000| Untracked 
|  61|0x00000000a6300000, 0x00000000a6300000, 0x00000000a6400000|  0%| F|  |TAMS 0x00000000a6300000| PB 0x00000000a6300000| Untracked 
|  62|0x00000000a6400000, 0x00000000a6400000, 0x00000000a6500000|  0%| F|  |TAMS 0x00000000a6400000| PB 0x00000000a6400000| Untracked 
|  63|0x00000000a6500000, 0x00000000a6500000, 0x00000000a6600000|  0%| F|  |TAMS 0x00000000a6500000| PB 0x00000000a6500000| Untracked 
|  64|0x00000000a6600000, 0x00000000a6600000, 0x00000000a6700000|  0%| F|  |TAMS 0x00000000a6600000| PB 0x00000000a6600000| Untracked 
|  65|0x00000000a6700000, 0x00000000a6700000, 0x00000000a6800000|  0%| F|  |TAMS 0x00000000a6700000| PB 0x00000000a6700000| Untracked 
|  66|0x00000000a6800000, 0x00000000a6800000, 0x00000000a6900000|  0%| F|  |TAMS 0x00000000a6800000| PB 0x00000000a6800000| Untracked 
|  67|0x00000000a6900000, 0x00000000a6900000, 0x00000000a6a00000|  0%| F|  |TAMS 0x00000000a6900000| PB 0x00000000a6900000| Untracked 
|  68|0x00000000a6a00000, 0x00000000a6a00000, 0x00000000a6b00000|  0%| F|  |TAMS 0x00000000a6a00000| PB 0x00000000a6a00000| Untracked 
|  69|0x00000000a6b00000, 0x00000000a6b00000, 0x00000000a6c00000|  0%| F|  |TAMS 0x00000000a6b00000| PB 0x00000000a6b00000| Untracked 
|  70|0x00000000a6c00000, 0x00000000a6c00000, 0x00000000a6d00000|  0%| F|  |TAMS 0x00000000a6c00000| PB 0x00000000a6c00000| Untracked 
|  71|0x00000000a6d00000, 0x00000000a6d00000, 0x00000000a6e00000|  0%| F|  |TAMS 0x00000000a6d00000| PB 0x00000000a6d00000| Untracked 
|  72|0x00000000a6e00000, 0x00000000a6e83c10, 0x00000000a6f00000| 51%| E|  |TAMS 0x00000000a6e00000| PB 0x00000000a6e00000| Complete 
|  73|0x00000000a6f00000, 0x00000000a7000000, 0x00000000a7000000|100%| E|CS|TAMS 0x00000000a6f00000| PB 0x00000000a6f00000| Complete 
|  74|0x00000000a7000000, 0x00000000a7100000, 0x00000000a7100000|100%| E|CS|TAMS 0x00000000a7000000| PB 0x00000000a7000000| Complete 
|  75|0x00000000a7100000, 0x00000000a7200000, 0x00000000a7200000|100%| E|CS|TAMS 0x00000000a7100000| PB 0x00000000a7100000| Complete 
|  76|0x00000000a7200000, 0x00000000a7300000, 0x00000000a7300000|100%| E|CS|TAMS 0x00000000a7200000| PB 0x00000000a7200000| Complete 
|  77|0x00000000a7300000, 0x00000000a7400000, 0x00000000a7400000|100%| E|CS|TAMS 0x00000000a7300000| PB 0x00000000a7300000| Complete 
|  78|0x00000000a7400000, 0x00000000a7500000, 0x00000000a7500000|100%| E|CS|TAMS 0x00000000a7400000| PB 0x00000000a7400000| Complete 
|  79|0x00000000a7500000, 0x00000000a7600000, 0x00000000a7600000|100%| E|CS|TAMS 0x00000000a7500000| PB 0x00000000a7500000| Complete 
|  80|0x00000000a7600000, 0x00000000a7700000, 0x00000000a7700000|100%| E|CS|TAMS 0x00000000a7600000| PB 0x00000000a7600000| Complete 
|  81|0x00000000a7700000, 0x00000000a7800000, 0x00000000a7800000|100%| E|CS|TAMS 0x00000000a7700000| PB 0x00000000a7700000| Complete 
|  82|0x00000000a7800000, 0x00000000a7900000, 0x00000000a7900000|100%| E|CS|TAMS 0x00000000a7800000| PB 0x00000000a7800000| Complete 
|  83|0x00000000a7900000, 0x00000000a7a00000, 0x00000000a7a00000|100%| E|CS|TAMS 0x00000000a7900000| PB 0x00000000a7900000| Complete 
|  84|0x00000000a7a00000, 0x00000000a7b00000, 0x00000000a7b00000|100%| S|CS|TAMS 0x00000000a7a00000| PB 0x00000000a7a00000| Complete 
|  93|0x00000000a8300000, 0x00000000a8400000, 0x00000000a8400000|100%| E|CS|TAMS 0x00000000a8300000| PB 0x00000000a8300000| Complete 
|1489|0x00000000ff700000, 0x00000000ff7b75e0, 0x00000000ff800000| 71%| O|  |TAMS 0x00000000ff700000| PB 0x00000000ff700000| Untracked 
|1490|0x00000000ff800000, 0x00000000ff900000, 0x00000000ff900000|100%| O|  |TAMS 0x00000000ff800000| PB 0x00000000ff800000| Untracked 
|1491|0x00000000ff900000, 0x00000000ffa00000, 0x00000000ffa00000|100%| O|  |TAMS 0x00000000ff900000| PB 0x00000000ff900000| Untracked 
|1492|0x00000000ffa00000, 0x00000000ffb00000, 0x00000000ffb00000|100%| O|  |TAMS 0x00000000ffa00000| PB 0x00000000ffa00000| Untracked 
|1493|0x00000000ffb00000, 0x00000000ffc00000, 0x00000000ffc00000|100%| O|  |TAMS 0x00000000ffb00000| PB 0x00000000ffb00000| Untracked 
|1494|0x00000000ffc00000, 0x00000000ffd00000, 0x00000000ffd00000|100%| O|  |TAMS 0x00000000ffc00000| PB 0x00000000ffc00000| Untracked 
|1495|0x00000000ffd00000, 0x00000000ffe00000, 0x00000000ffe00000|100%| O|  |TAMS 0x00000000ffd00000| PB 0x00000000ffd00000| Untracked 
|1496|0x00000000ffe00000, 0x00000000fff00000, 0x00000000fff00000|100%| O|  |TAMS 0x00000000ffe00000| PB 0x00000000ffe00000| Untracked 
|1497|0x00000000fff00000, 0x0000000100000000, 0x0000000100000000|100%| O|  |TAMS 0x00000000fff00000| PB 0x00000000fff00000| Untracked 

Card table byte_map: [0x00000201a3c40000,0x00000201a3f30000] _byte_map_base: 0x00000201a372d000

Marking Bits: (CMBitMap*) 0x000002018bfae3e0
 Bits: [0x00000201a3f30000, 0x00000201a5698000)

Polling page: 0x000002018a0d0000

Metaspace:

Usage:
  Non-class:     31.87 MB used.
      Class:      3.75 MB used.
       Both:     35.62 MB used.

Virtual space:
  Non-class space:       64.00 MB reserved,      32.06 MB ( 50%) committed,  1 nodes.
      Class space:        1.00 GB reserved,       3.88 MB ( <1%) committed,  1 nodes.
             Both:        1.06 GB reserved,      35.94 MB (  3%) committed. 

Chunk freelists:
   Non-Class:  15.48 MB
       Class:  12.01 MB
        Both:  27.49 MB

MaxMetaspaceSize: unlimited
CompressedClassSpaceSize: 1.00 GB
Initial GC threshold: 21.00 MB
Current GC threshold: 44.94 MB
CDS: off
 - commit_granule_bytes: 65536.
 - commit_granule_words: 8192.
 - virtual_space_node_default_size: 8388608.
 - enlarge_chunks_in_place: 1.
 - use_allocation_guard: 0.


Internal statistics:

num_allocs_failed_limit: 3.
num_arena_births: 208.
num_arena_deaths: 0.
num_vsnodes_births: 2.
num_vsnodes_deaths: 0.
num_space_committed: 575.
num_space_uncommitted: 0.
num_chunks_returned_to_freelist: 3.
num_chunks_taken_from_freelist: 1193.
num_chunk_merges: 3.
num_chunk_splits: 828.
num_chunks_enlarged: 650.
num_inconsistent_stats: 0.

CodeHeap 'non-profiled nmethods': size=120000Kb used=2722Kb max_used=2722Kb free=117277Kb
 bounds [0x000002019bec0000, 0x000002019c170000, 0x00000201a33f0000]
CodeHeap 'profiled nmethods': size=120000Kb used=11480Kb max_used=11480Kb free=108519Kb
 bounds [0x00000201943f0000, 0x0000020194f30000, 0x000002019b920000]
CodeHeap 'non-nmethods': size=5760Kb used=1443Kb max_used=1475Kb free=4316Kb
 bounds [0x000002019b920000, 0x000002019bb90000, 0x000002019bec0000]
 total_blobs=6018 nmethods=5487 adapters=435
 compilation: enabled
              stopped_count=0, restarted_count=0
 full_count=0

Compilation events (20 events):
Event: 24.115 Thread 0x00000201a8503ae0 5833       2       com.sun.tools.javac.tree.TreeInfo::skipParens (20 bytes)
Event: 24.115 Thread 0x00000201a8503ae0 nmethod 5833 0x0000020194f08190 code [0x0000020194f08360, 0x0000020194f08608]
Event: 24.115 Thread 0x00000201a8503ae0 5835       1       com.sun.tools.javac.util.DiagnosticSource::getFile (5 bytes)
Event: 24.115 Thread 0x00000201a8503ae0 nmethod 5835 0x000002019c168110 code [0x000002019c1682a0, 0x000002019c168368]
Event: 24.115 Thread 0x00000201a8503ae0 5836       2       jdk.nio.zipfs.ZipFileSystemProvider::exists (20 bytes)
Event: 24.116 Thread 0x00000201a8503ae0 nmethod 5836 0x0000020194f08810 code [0x0000020194f08a20, 0x0000020194f08dd8]
Event: 24.116 Thread 0x00000201a8503ae0 5837       2       jdk.nio.zipfs.ZipPath::exists (12 bytes)
Event: 24.116 Thread 0x00000201a8503ae0 nmethod 5837 0x0000020194f09010 code [0x0000020194f09240, 0x0000020194f096e8]
Event: 24.116 Thread 0x00000201a8503ae0 5838   !   2       jdk.nio.zipfs.ZipFileSystem::exists (35 bytes)
Event: 24.117 Thread 0x00000201a8503ae0 nmethod 5838 0x0000020194f09b90 code [0x0000020194f09dc0, 0x0000020194f0a218]
Event: 24.117 Thread 0x00000201a8503ae0 5839       2       java.util.stream.Nodes$SpinedNodeBuilder::accept (29 bytes)
Event: 24.117 Thread 0x00000201a8503ae0 nmethod 5839 0x0000020194f0a690 code [0x0000020194f0a840, 0x0000020194f0a968]
Event: 24.117 Thread 0x00000201a8503ae0 5840       2       java.util.stream.SpinedBuffer::accept (94 bytes)
Event: 24.117 Thread 0x00000201a8503ae0 nmethod 5840 0x0000020194f0aa10 code [0x0000020194f0ac00, 0x0000020194f0b1d8]
Event: 24.119 Thread 0x00000201a8503ae0 5841   !   2       com.sun.tools.javac.jvm.ClassReader::readMethod (535 bytes)
Event: 24.122 Thread 0x00000201a8503ae0 nmethod 5841 0x0000020194f0b410 code [0x0000020194f0b940, 0x0000020194f0d5b8]
Event: 24.122 Thread 0x00000201a8503ae0 5846       3       com.sun.tools.javac.code.ClassFinder$1::hasNext (113 bytes)
Event: 24.122 Thread 0x00000201a8503ae0 nmethod 5846 0x0000020194f0e690 code [0x0000020194f0e8c0, 0x0000020194f0f1e8]
Event: 24.122 Thread 0x00000201a8503ae0 5845       2       com.sun.tools.javac.jvm.ClassReader::setParameters (327 bytes)
Event: 25.130 Thread 0x00000201a8503ae0 nmethod 5845 0x0000020194f0f410 code [0x0000020194f0f780, 0x0000020194f10908]

GC Heap History (20 events):
Event: 9.683 GC heap before
{Heap before GC invocations=4 (full 0):
 garbage-first heap   total 30720K, used 29621K [0x00000000a2600000, 0x0000000100000000)
  region size 1024K, 26 young (26624K), 4 survivors (4096K)
 Metaspace       used 24117K, committed 24384K, reserved 1114112K
  class space    used 2545K, committed 2688K, reserved 1048576K
}
Event: 9.693 GC heap after
{Heap after GC invocations=5 (full 0):
 garbage-first heap   total 36864K, used 9873K [0x00000000a2600000, 0x0000000100000000)
  region size 1024K, 6 young (6144K), 6 survivors (6144K)
 Metaspace       used 24117K, committed 24384K, reserved 1114112K
  class space    used 2545K, committed 2688K, reserved 1048576K
}
Event: 10.012 GC heap before
{Heap before GC invocations=5 (full 0):
 garbage-first heap   total 36864K, used 25233K [0x00000000a2600000, 0x0000000100000000)
  region size 1024K, 21 young (21504K), 6 survivors (6144K)
 Metaspace       used 24594K, committed 24832K, reserved 1114112K
  class space    used 2592K, committed 2688K, reserved 1048576K
}
Event: 10.021 GC heap after
{Heap after GC invocations=6 (full 0):
 garbage-first heap   total 36864K, used 11573K [0x00000000a2600000, 0x0000000100000000)
  region size 1024K, 3 young (3072K), 3 survivors (3072K)
 Metaspace       used 24594K, committed 24832K, reserved 1114112K
  class space    used 2592K, committed 2688K, reserved 1048576K
}
Event: 11.861 GC heap before
{Heap before GC invocations=6 (full 0):
 garbage-first heap   total 36864K, used 30005K [0x00000000a2600000, 0x0000000100000000)
  region size 1024K, 21 young (21504K), 3 survivors (3072K)
 Metaspace       used 24990K, committed 25216K, reserved 1114112K
  class space    used 2624K, committed 2752K, reserved 1048576K
}
Event: 11.867 GC heap after
{Heap after GC invocations=7 (full 0):
 garbage-first heap   total 36864K, used 13425K [0x00000000a2600000, 0x0000000100000000)
  region size 1024K, 3 young (3072K), 3 survivors (3072K)
 Metaspace       used 24990K, committed 25216K, reserved 1114112K
  class space    used 2624K, committed 2752K, reserved 1048576K
}
Event: 12.152 GC heap before
{Heap before GC invocations=7 (full 0):
 garbage-first heap   total 36864K, used 29809K [0x00000000a2600000, 0x0000000100000000)
  region size 1024K, 19 young (19456K), 3 survivors (3072K)
 Metaspace       used 25125K, committed 25408K, reserved 1114112K
  class space    used 2631K, committed 2752K, reserved 1048576K
}
Event: 12.156 GC heap after
{Heap after GC invocations=8 (full 0):
 garbage-first heap   total 36864K, used 14765K [0x00000000a2600000, 0x0000000100000000)
  region size 1024K, 2 young (2048K), 2 survivors (2048K)
 Metaspace       used 25125K, committed 25408K, reserved 1114112K
  class space    used 2631K, committed 2752K, reserved 1048576K
}
Event: 12.411 GC heap before
{Heap before GC invocations=8 (full 0):
 garbage-first heap   total 36864K, used 30125K [0x00000000a2600000, 0x0000000100000000)
  region size 1024K, 17 young (17408K), 2 survivors (2048K)
 Metaspace       used 25294K, committed 25536K, reserved 1114112K
  class space    used 2632K, committed 2752K, reserved 1048576K
}
Event: 12.414 GC heap after
{Heap after GC invocations=9 (full 0):
 garbage-first heap   total 45056K, used 15338K [0x00000000a2600000, 0x0000000100000000)
  region size 1024K, 2 young (2048K), 2 survivors (2048K)
 Metaspace       used 25294K, committed 25536K, reserved 1114112K
  class space    used 2632K, committed 2752K, reserved 1048576K
}
Event: 13.063 GC heap before
{Heap before GC invocations=9 (full 0):
 garbage-first heap   total 45056K, used 37866K [0x00000000a2600000, 0x0000000100000000)
  region size 1024K, 24 young (24576K), 2 survivors (2048K)
 Metaspace       used 25637K, committed 25920K, reserved 1114112K
  class space    used 2644K, committed 2752K, reserved 1048576K
}
Event: 13.067 GC heap after
{Heap after GC invocations=10 (full 0):
 garbage-first heap   total 45056K, used 16111K [0x00000000a2600000, 0x0000000100000000)
  region size 1024K, 2 young (2048K), 2 survivors (2048K)
 Metaspace       used 25637K, committed 25920K, reserved 1114112K
  class space    used 2644K, committed 2752K, reserved 1048576K
}
Event: 13.437 GC heap before
{Heap before GC invocations=10 (full 0):
 garbage-first heap   total 45056K, used 29423K [0x00000000a2600000, 0x0000000100000000)
  region size 1024K, 16 young (16384K), 2 survivors (2048K)
 Metaspace       used 27270K, committed 27584K, reserved 1114112K
  class space    used 2796K, committed 2944K, reserved 1048576K
}
Event: 13.443 GC heap after
{Heap after GC invocations=11 (full 0):
 garbage-first heap   total 45056K, used 17547K [0x00000000a2600000, 0x0000000100000000)
  region size 1024K, 3 young (3072K), 3 survivors (3072K)
 Metaspace       used 27270K, committed 27584K, reserved 1114112K
  class space    used 2796K, committed 2944K, reserved 1048576K
}
Event: 13.444 GC heap before
{Heap before GC invocations=11 (full 0):
 garbage-first heap   total 45056K, used 25739K [0x00000000a2600000, 0x0000000100000000)
  region size 1024K, 4 young (4096K), 3 survivors (3072K)
 Metaspace       used 27271K, committed 27584K, reserved 1114112K
  class space    used 2796K, committed 2944K, reserved 1048576K
}
Event: 13.449 GC heap after
{Heap after GC invocations=12 (full 0):
 garbage-first heap   total 45056K, used 25681K [0x00000000a2600000, 0x0000000100000000)
  region size 1024K, 2 young (2048K), 2 survivors (2048K)
 Metaspace       used 27271K, committed 27584K, reserved 1114112K
  class space    used 2796K, committed 2944K, reserved 1048576K
}
Event: 13.990 GC heap before
{Heap before GC invocations=13 (full 0):
 garbage-first heap   total 87040K, used 63569K [0x00000000a2600000, 0x0000000100000000)
  region size 1024K, 15 young (15360K), 2 survivors (2048K)
 Metaspace       used 28655K, committed 28992K, reserved 1114112K
  class space    used 2941K, committed 3072K, reserved 1048576K
}
Event: 13.995 GC heap after
{Heap after GC invocations=14 (full 0):
 garbage-first heap   total 87040K, used 18077K [0x00000000a2600000, 0x0000000100000000)
  region size 1024K, 1 young (1024K), 1 survivors (1024K)
 Metaspace       used 28655K, committed 28992K, reserved 1114112K
  class space    used 2941K, committed 3072K, reserved 1048576K
}
Event: 20.839 GC heap before
{Heap before GC invocations=14 (full 0):
 garbage-first heap   total 87040K, used 79517K [0x00000000a2600000, 0x0000000100000000)
  region size 1024K, 51 young (52224K), 1 survivors (1024K)
 Metaspace       used 35650K, committed 35968K, reserved 1114112K
  class space    used 3750K, committed 3904K, reserved 1048576K
}
Event: 20.862 GC heap after
{Heap after GC invocations=15 (full 0):
 garbage-first heap   total 97280K, used 40669K [0x00000000a2600000, 0x0000000100000000)
  region size 1024K, 7 young (7168K), 7 survivors (7168K)
 Metaspace       used 35650K, committed 35968K, reserved 1114112K
  class space    used 3750K, committed 3904K, reserved 1048576K
}

Dll operation events (8 events):
Event: 0.013 Loaded shared library C:\Program Files\Java\jdk-21\bin\java.dll
Event: 4.178 Loaded shared library C:\Program Files\Java\jdk-21\bin\jsvml.dll
Event: 4.263 Loaded shared library C:\Program Files\Java\jdk-21\bin\net.dll
Event: 4.265 Loaded shared library C:\Program Files\Java\jdk-21\bin\nio.dll
Event: 5.526 Loaded shared library C:\Program Files\Java\jdk-21\bin\zip.dll
Event: 5.953 Loaded shared library C:\Users\Gauta\.m2\wrapper\dists\apache-maven-3.9.16\0daed3be3ebd1c706f0e69e8b07c6b73f5cc4ea3dfce72a8d0ec2e849ca2ddb0\lib\jansi-native\Windows\x86_64\jansi.dll
Event: 5.953 Loaded shared library C:\Program Files\Java\jdk-21\bin\jimage.dll
Event: 5.978 Loaded shared library C:\Program Files\Java\jdk-21\bin\verify.dll

Deoptimization events (20 events):
Event: 20.826 Thread 0x000002018bf6ac00 DEOPT PACKING pc=0x000002019c10915c sp=0x0000003263cfc4a0
Event: 20.826 Thread 0x000002018bf6ac00 DEOPT UNPACKING pc=0x000002019b9746a2 sp=0x0000003263cfc358 mode 2
Event: 20.868 Thread 0x000002018bf6ac00 DEOPT PACKING pc=0x000002019474afbc sp=0x0000003263cfc260
Event: 20.868 Thread 0x000002018bf6ac00 DEOPT UNPACKING pc=0x000002019b974e42 sp=0x0000003263cfb6f0 mode 0
Event: 20.868 Thread 0x000002018bf6ac00 DEOPT PACKING pc=0x000002019474afbc sp=0x0000003263cfc260
Event: 20.868 Thread 0x000002018bf6ac00 DEOPT UNPACKING pc=0x000002019b974e42 sp=0x0000003263cfb6f0 mode 0
Event: 20.869 Thread 0x000002018bf6ac00 DEOPT PACKING pc=0x000002019474afbc sp=0x0000003263cfc260
Event: 20.869 Thread 0x000002018bf6ac00 DEOPT UNPACKING pc=0x000002019b974e42 sp=0x0000003263cfb6f0 mode 0
Event: 20.881 Thread 0x000002018bf6ac00 Uncommon trap: trap_request=0xffffff45 fr.pc=0x000002019c15bd64 relative=0x00000000000030e4
Event: 20.882 Thread 0x000002018bf6ac00 Uncommon trap: reason=unstable_if action=reinterpret pc=0x000002019c15bd64 method=java.time.LocalDate.create(III)Ljava/time/LocalDate; @ 3 c2
Event: 20.882 Thread 0x000002018bf6ac00 DEOPT PACKING pc=0x000002019c15bd64 sp=0x0000003263cfc560
Event: 20.882 Thread 0x000002018bf6ac00 DEOPT UNPACKING pc=0x000002019b9746a2 sp=0x0000003263cfc250 mode 2
Event: 20.923 Thread 0x000002018bf6ac00 DEOPT PACKING pc=0x000002019470202c sp=0x0000003263cfcbf0
Event: 20.923 Thread 0x000002018bf6ac00 DEOPT UNPACKING pc=0x000002019b974e42 sp=0x0000003263cfc0e0 mode 0
Event: 24.097 Thread 0x000002018bf6ac00 DEOPT PACKING pc=0x0000020194ea5ce4 sp=0x0000003263cfc0e0
Event: 24.097 Thread 0x000002018bf6ac00 DEOPT UNPACKING pc=0x000002019b974e42 sp=0x0000003263cfb630 mode 0
Event: 24.105 Thread 0x000002018bf6ac00 Uncommon trap: trap_request=0xffffff45 fr.pc=0x000002019c152d0c relative=0x000000000000006c
Event: 24.105 Thread 0x000002018bf6ac00 Uncommon trap: reason=unstable_if action=reinterpret pc=0x000002019c152d0c method=com.sun.tools.javac.jvm.PoolReader.sizeof(I)I @ 1 c2
Event: 24.105 Thread 0x000002018bf6ac00 DEOPT PACKING pc=0x000002019c152d0c sp=0x0000003263cfc6a0
Event: 24.105 Thread 0x000002018bf6ac00 DEOPT UNPACKING pc=0x000002019b9746a2 sp=0x0000003263cfc630 mode 2

Classes loaded (20 events):
Event: 19.629 Loading class java/nio/file/Files$3
Event: 19.630 Loading class java/nio/file/Files$3 done
Event: 19.630 Loading class java/nio/file/FileVisitResult
Event: 19.630 Loading class java/nio/file/FileVisitResult done
Event: 19.630 Loading class sun/nio/fs/BasicFileAttributesHolder
Event: 19.630 Loading class sun/nio/fs/BasicFileAttributesHolder done
Event: 20.915 Loading class java/util/ComparableTimSort
Event: 20.916 Loading class java/util/ComparableTimSort done
Event: 20.919 Loading class java/nio/file/Files$2
Event: 20.920 Loading class java/nio/file/Files$2 done
Event: 20.920 Loading class java/util/stream/Nodes$SpinedNodeBuilder
Event: 20.920 Loading class java/util/stream/SpinedBuffer
Event: 20.921 Loading class java/util/stream/AbstractSpinedBuffer
Event: 20.921 Loading class java/util/stream/AbstractSpinedBuffer done
Event: 20.921 Loading class java/util/stream/SpinedBuffer done
Event: 20.921 Loading class java/util/stream/Nodes$SpinedNodeBuilder done
Event: 20.923 Loading class sun/nio/fs/WindowsPath$WindowsPathWithAttributes
Event: 20.923 Loading class sun/nio/fs/WindowsPath$WindowsPathWithAttributes done
Event: 20.972 Loading class java/nio/file/FileTreeWalker$1
Event: 20.972 Loading class java/nio/file/FileTreeWalker$1 done

Classes unloaded (0 events):
No events

Classes redefined (0 events):
No events

Internal exceptions (20 events):
Event: 24.098 Thread 0x000002018bf6ac00 Exception <a 'sun/nio/fs/WindowsException'{0x00000000a701d688}> (0x00000000a701d688) 
thrown [s\open\src\hotspot\share\prims\jni.cpp, line 520]
Event: 24.098 Thread 0x000002018bf6ac00 Exception <a 'sun/nio/fs/WindowsException'{0x00000000a702dd18}> (0x00000000a702dd18) 
thrown [s\open\src\hotspot\share\prims\jni.cpp, line 520]
Event: 24.099 Thread 0x000002018bf6ac00 Exception <a 'sun/nio/fs/WindowsException'{0x00000000a70574f8}> (0x00000000a70574f8) 
thrown [s\open\src\hotspot\share\prims\jni.cpp, line 520]
Event: 24.099 Thread 0x000002018bf6ac00 Exception <a 'sun/nio/fs/WindowsException'{0x00000000a70581e8}> (0x00000000a70581e8) 
thrown [s\open\src\hotspot\share\prims\jni.cpp, line 520]
Event: 24.099 Thread 0x000002018bf6ac00 Exception <a 'sun/nio/fs/WindowsException'{0x00000000a7059760}> (0x00000000a7059760) 
thrown [s\open\src\hotspot\share\prims\jni.cpp, line 520]
Event: 24.099 Thread 0x000002018bf6ac00 Exception <a 'sun/nio/fs/WindowsException'{0x00000000a7064e68}> (0x00000000a7064e68) 
thrown [s\open\src\hotspot\share\prims\jni.cpp, line 520]
Event: 24.099 Thread 0x000002018bf6ac00 Exception <a 'sun/nio/fs/WindowsException'{0x00000000a707f938}> (0x00000000a707f938) 
thrown [s\open\src\hotspot\share\prims\jni.cpp, line 520]
Event: 24.099 Thread 0x000002018bf6ac00 Exception <a 'sun/nio/fs/WindowsException'{0x00000000a7080910}> (0x00000000a7080910) 
thrown [s\open\src\hotspot\share\prims\jni.cpp, line 520]
Event: 24.100 Thread 0x000002018bf6ac00 Exception <a 'sun/nio/fs/WindowsException'{0x00000000a7082190}> (0x00000000a7082190) 
thrown [s\open\src\hotspot\share\prims\jni.cpp, line 520]
Event: 24.100 Thread 0x000002018bf6ac00 Exception <a 'sun/nio/fs/WindowsException'{0x00000000a708a938}> (0x00000000a708a938) 
thrown [s\open\src\hotspot\share\prims\jni.cpp, line 520]
Event: 24.100 Thread 0x000002018bf6ac00 Exception <a 'sun/nio/fs/WindowsException'{0x00000000a70a19e0}> (0x00000000a70a19e0) 
thrown [s\open\src\hotspot\share\prims\jni.cpp, line 520]
Event: 24.100 Thread 0x000002018bf6ac00 Exception <a 'sun/nio/fs/WindowsException'{0x00000000a70a2730}> (0x00000000a70a2730) 
thrown [s\open\src\hotspot\share\prims\jni.cpp, line 520]
Event: 24.102 Thread 0x000002018bf6ac00 Exception <a 'sun/nio/fs/WindowsException'{0x00000000a70a7a70}> (0x00000000a70a7a70) 
thrown [s\open\src\hotspot\share\prims\jni.cpp, line 520]
Event: 24.102 Thread 0x000002018bf6ac00 Exception <a 'sun/nio/fs/WindowsException'{0x00000000a70aa030}> (0x00000000a70aa030) 
thrown [s\open\src\hotspot\share\prims\jni.cpp, line 520]
Event: 24.102 Thread 0x000002018bf6ac00 Exception <a 'sun/nio/fs/WindowsException'{0x00000000a70adef0}> (0x00000000a70adef0) 
thrown [s\open\src\hotspot\share\prims\jni.cpp, line 520]
Event: 24.102 Thread 0x000002018bf6ac00 Exception <a 'sun/nio/fs/WindowsException'{0x00000000a70aebf0}> (0x00000000a70aebf0) 
thrown [s\open\src\hotspot\share\prims\jni.cpp, line 520]
Event: 24.121 Thread 0x000002018bf6ac00 Exception <a 'sun/nio/fs/WindowsException'{0x00000000a6f3c3b8}> (0x00000000a6f3c3b8) 
thrown [s\open\src\hotspot\share\prims\jni.cpp, line 520]
Event: 24.121 Thread 0x000002018bf6ac00 Exception <a 'sun/nio/fs/WindowsException'{0x00000000a6f4c978}> (0x00000000a6f4c978) 
thrown [s\open\src\hotspot\share\prims\jni.cpp, line 520]
Event: 24.122 Thread 0x000002018bf6ac00 Exception <a 'sun/nio/fs/WindowsException'{0x00000000a6f78c50}> (0x00000000a6f78c50) 
thrown [s\open\src\hotspot\share\prims\jni.cpp, line 520]
Event: 24.122 Thread 0x000002018bf6ac00 Exception <a 'sun/nio/fs/WindowsException'{0x00000000a6f79970}> (0x00000000a6f79970) 
thrown [s\open\src\hotspot\share\prims\jni.cpp, line 520]

ZGC Phase Switch (0 events):
No events

VM Operations (20 events):
Event: 14.405 Executing VM operation: HandshakeAllThreads (Deoptimize) done
Event: 15.414 Executing VM operation: Cleanup
Event: 15.600 Executing VM operation: Cleanup done
Event: 16.611 Executing VM operation: Cleanup
Event: 17.366 Executing VM operation: Cleanup done
Event: 18.381 Executing VM operation: Cleanup
Event: 18.381 Executing VM operation: Cleanup done
Event: 19.392 Executing VM operation: Cleanup
Event: 19.486 Executing VM operation: Cleanup done
Event: 20.498 Executing VM operation: Cleanup
Event: 20.498 Executing VM operation: Cleanup done
Event: 20.839 Executing VM operation: G1CollectForAllocation (G1 Evacuation Pause)
Event: 20.862 Executing VM operation: G1CollectForAllocation (G1 Evacuation Pause) done
Event: 20.922 Executing VM operation: HandshakeAllThreads (Deoptimize)
Event: 20.922 Executing VM operation: HandshakeAllThreads (Deoptimize) done
Event: 20.924 Executing VM operation: HandshakeAllThreads (Deoptimize)
Event: 20.924 Executing VM operation: HandshakeAllThreads (Deoptimize) done
Event: 21.931 Executing VM operation: Cleanup
Event: 23.045 Executing VM operation: Cleanup done
Event: 25.067 Executing VM operation: Cleanup

Events (20 events):
Event: 13.469 Thread 0x00000201a82fb320 flushing nmethod 0x00000201946cff10
Event: 13.469 Thread 0x00000201a82fb320 flushing nmethod 0x00000201946d0410
Event: 13.469 Thread 0x00000201a82fb320 flushing nmethod 0x00000201946db910
Event: 13.469 Thread 0x00000201a82fb320 flushing nmethod 0x000002019471ed90
Event: 13.469 Thread 0x00000201a82fb320 flushing nmethod 0x0000020194721710
Event: 13.469 Thread 0x00000201a82fb320 flushing nmethod 0x0000020194731790
Event: 13.469 Thread 0x00000201a82fb320 flushing nmethod 0x0000020194731e90
Event: 13.469 Thread 0x00000201a82fb320 flushing nmethod 0x0000020194733190
Event: 13.469 Thread 0x00000201a82fb320 flushing nmethod 0x0000020194741a90
Event: 13.469 Thread 0x00000201a82fb320 flushing nmethod 0x000002019474a610
Event: 13.469 Thread 0x00000201a82fb320 flushing nmethod 0x000002019476b090
Event: 13.469 Thread 0x00000201a82fb320 flushing nmethod 0x0000020194792e10
Event: 13.469 Thread 0x00000201a82fb320 flushing nmethod 0x0000020194793890
Event: 13.469 Thread 0x00000201a82fb320 flushing nmethod 0x000002019479a610
Event: 13.469 Thread 0x00000201a82fb320 flushing nmethod 0x00000201947a6110
Event: 13.469 Thread 0x00000201a82fb320 flushing nmethod 0x00000201947b8c10
Event: 13.469 Thread 0x00000201a82fb320 flushing nmethod 0x00000201947f5910
Event: 13.469 Thread 0x00000201a82fb320 flushing nmethod 0x00000201947f7b90
Event: 13.469 Thread 0x00000201a82fb320 flushing nmethod 0x00000201947f8890
Event: 13.469 Thread 0x00000201a82fb320 flushing nmethod 0x00000201947fb790


Dynamic libraries:
0x00007ff726830000 - 0x00007ff726840000 	C:\Program Files\Java\jdk-21\bin\java.exe
0x00007ffc8b9c0000 - 0x00007ffc8bc26000 	C:\WINDOWS\SYSTEM32\ntdll.dll
0x00007ffc8a3c0000 - 0x00007ffc8a489000 	C:\WINDOWS\System32\KERNEL32.DLL
0x00007ffc89170000 - 0x00007ffc8956e000 	C:\WINDOWS\System32\KERNELBASE.dll
0x00007ffc88be0000 - 0x00007ffc88d2c000 	C:\WINDOWS\System32\ucrtbase.dll
0x00007ffc775d0000 - 0x00007ffc775e9000 	C:\Program Files\Java\jdk-21\bin\jli.dll
0x00007ffc75a90000 - 0x00007ffc75aab000 	C:\Program Files\Java\jdk-21\bin\VCRUNTIME140.dll
0x00007ffc89810000 - 0x00007ffc898c7000 	C:\WINDOWS\System32\ADVAPI32.dll
0x00007ffc8b830000 - 0x00007ffc8b8d9000 	C:\WINDOWS\System32\msvcrt.dll
0x00007ffc8b780000 - 0x00007ffc8b82a000 	C:\WINDOWS\System32\sechost.dll
0x00007ffc8a2a0000 - 0x00007ffc8a3b8000 	C:\WINDOWS\System32\RPCRT4.dll
0x00007ffc8b5b0000 - 0x00007ffc8b777000 	C:\WINDOWS\System32\USER32.dll
0x00007ffc693c0000 - 0x00007ffc69652000 	C:\WINDOWS\WinSxS\amd64_microsoft.windows.common-controls_6595b64144ccf1df_6.0.26100.8875_none_3e0d5d42e32fe9dd\COMCTL32.dll
0x00007ffc89140000 - 0x00007ffc89167000 	C:\WINDOWS\System32\win32u.dll
0x00007ffc8a6c0000 - 0x00007ffc8a6eb000 	C:\WINDOWS\System32\GDI32.dll
0x00007ffc88dd0000 - 0x00007ffc88efa000 	C:\WINDOWS\System32\gdi32full.dll
0x00007ffc89580000 - 0x00007ffc89623000 	C:\WINDOWS\System32\msvcp_win.dll
0x00007ffc7fc20000 - 0x00007ffc7fc2b000 	C:\WINDOWS\SYSTEM32\VERSION.dll
0x00007ffc8b060000 - 0x00007ffc8b092000 	C:\WINDOWS\System32\IMM32.DLL
0x00007ffc77140000 - 0x00007ffc7714c000 	C:\Program Files\Java\jdk-21\bin\vcruntime140_1.dll
0x00007ffc30db0000 - 0x00007ffc30e3e000 	C:\Program Files\Java\jdk-21\bin\msvcp140.dll
0x00007ffc0f1d0000 - 0x00007ffc0feea000 	C:\Program Files\Java\jdk-21\bin\server\jvm.dll
0x00007ffc8a490000 - 0x00007ffc8a510000 	C:\WINDOWS\System32\WS2_32.dll
0x00007ffc88a60000 - 0x00007ffc88abe000 	C:\WINDOWS\SYSTEM32\POWRPROF.dll
0x00007ffc7fbe0000 - 0x00007ffc7fc16000 	C:\WINDOWS\SYSTEM32\WINMM.dll
0x00007ffc88a20000 - 0x00007ffc88a34000 	C:\WINDOWS\SYSTEM32\UMPDC.dll
0x00007ffc878c0000 - 0x00007ffc878db000 	C:\WINDOWS\SYSTEM32\kernel.appcore.dll
0x00007ffc75a80000 - 0x00007ffc75a8a000 	C:\Program Files\Java\jdk-21\bin\jimage.dll
0x00007ffc863f0000 - 0x00007ffc86632000 	C:\WINDOWS\SYSTEM32\DBGHELP.DLL
0x00007ffc89a50000 - 0x00007ffc89dd3000 	C:\WINDOWS\System32\combase.dll
0x00007ffc8a160000 - 0x00007ffc8a239000 	C:\WINDOWS\System32\OLEAUT32.dll
0x00007ffc709c0000 - 0x00007ffc709fb000 	C:\WINDOWS\SYSTEM32\dbgcore.DLL
0x00007ffc89630000 - 0x00007ffc896dc000 	C:\WINDOWS\System32\bcryptPrimitives.dll
0x00007ffc5ecb0000 - 0x00007ffc5eccf000 	C:\Program Files\Java\jdk-21\bin\java.dll
0x00007ffc8a870000 - 0x00007ffc8b002000 	C:\WINDOWS\System32\SHELL32.dll
0x00007ffc86670000 - 0x00007ffc86f02000 	C:\WINDOWS\SYSTEM32\windows.storage.dll
0x00007ffc89710000 - 0x00007ffc89807000 	C:\WINDOWS\System32\SHCORE.dll
0x00007ffc899c0000 - 0x00007ffc89a27000 	C:\WINDOWS\System32\shlwapi.dll
0x00007ffc88b00000 - 0x00007ffc88b29000 	C:\WINDOWS\SYSTEM32\profapi.dll
0x00007ffc30cd0000 - 0x00007ffc30da7000 	C:\Program Files\Java\jdk-21\bin\jsvml.dll
0x00007ffc65490000 - 0x00007ffc654a0000 	C:\Program Files\Java\jdk-21\bin\net.dll
0x00007ffc80f60000 - 0x00007ffc81087000 	C:\WINDOWS\SYSTEM32\WINHTTP.dll
0x00007ffc87e70000 - 0x00007ffc87edc000 	C:\WINDOWS\system32\mswsock.dll
0x00007ffc5e9b0000 - 0x00007ffc5e9c6000 	C:\Program Files\Java\jdk-21\bin\nio.dll
0x00007ffc5b570000 - 0x00007ffc5b588000 	C:\Program Files\Java\jdk-21\bin\zip.dll
0x00007ffc59ac0000 - 0x00007ffc59ae4000 	C:\Users\Gauta\.m2\wrapper\dists\apache-maven-3.9.16\0daed3be3ebd1c706f0e69e8b07c6b73f5cc4ea3dfce72a8d0ec2e849ca2ddb0\lib\jansi-native\Windows\x86_64\jansi.dll
0x00007ffc65340000 - 0x00007ffc65350000 	C:\Program Files\Java\jdk-21\bin\verify.dll

dbghelp: loaded successfully - version: 4.0.5 - missing functions: none
symbol engine: initialized successfully - sym options: 0x614 - pdb path: .;C:\Program Files\Java\jdk-21\bin;C:\WINDOWS\SYSTEM32;C:\WINDOWS\WinSxS\amd64_microsoft.windows.common-controls_6595b64144ccf1df_6.0.26100.8875_none_3e0d5d42e32fe9dd;C:\Program Files\Java\jdk-21\bin\server;C:\Users\Gauta\.m2\wrapper\dists\apache-maven-3.9.16\0daed3be3ebd1c706f0e69e8b07c6b73f5cc4ea3dfce72a8d0ec2e849ca2ddb0\lib\jansi-native\Windows\x86_64

VM Arguments:
jvm_args: --enable-native-access=ALL-UNNAMED -Dclassworlds.conf=C:\Users\Gauta\.m2\wrapper\dists\apache-maven-3.9.16\0daed3be3ebd1c706f0e69e8b07c6b73f5cc4ea3dfce72a8d0ec2e849ca2ddb0\bin\m2.conf -Dmaven.home=C:\Users\Gauta\.m2\wrapper\dists\apache-maven-3.9.16\0daed3be3ebd1c706f0e69e8b07c6b73f5cc4ea3dfce72a8d0ec2e849ca2ddb0 -Dlibrary.jansi.path=C:\Users\Gauta\.m2\wrapper\dists\apache-maven-3.9.16\0daed3be3ebd1c706f0e69e8b07c6b73f5cc4ea3dfce72a8d0ec2e849ca2ddb0\lib\jansi-native -Dmaven.multiModuleProjectDirectory=D:\CDAC Project\AI-Travel-Planner\backend\maps-service 
java_command: org.codehaus.plexus.classworlds.launcher.Launcher spring-boot:run
java_class_path (initial): C:\Users\Gauta\.m2\wrapper\dists\apache-maven-3.9.16\0daed3be3ebd1c706f0e69e8b07c6b73f5cc4ea3dfce72a8d0ec2e849ca2ddb0\boot\plexus-classworlds-2.11.0.jar
Launcher Type: SUN_STANDARD

[Global flags]
     intx CICompilerCount                          = 4                                         {product} {ergonomic}
     uint ConcGCThreads                            = 3                                         {product} {ergonomic}
     uint G1ConcRefinementThreads                  = 10                                        {product} {ergonomic}
   size_t G1HeapRegionSize                         = 1048576                                   {product} {ergonomic}
    uintx GCDrainStackTargetSize                   = 64                                        {product} {ergonomic}
   size_t InitialHeapSize                          = 98566144                                  {product} {ergonomic}
   size_t MarkStackSize                            = 4194304                                   {product} {ergonomic}
   size_t MaxHeapSize                              = 1570766848                                {product} {ergonomic}
   size_t MaxNewSize                               = 941621248                                 {product} {ergonomic}
   size_t MinHeapDeltaBytes                        = 1048576                                   {product} {ergonomic}
   size_t MinHeapSize                              = 8388608                                   {product} {ergonomic}
    uintx NonNMethodCodeHeapSize                   = 5839372                                {pd product} {ergonomic}
    uintx NonProfiledCodeHeapSize                  = 122909434                              {pd product} {ergonomic}
    uintx ProfiledCodeHeapSize                     = 122909434                              {pd product} {ergonomic}
    uintx ReservedCodeCacheSize                    = 251658240                              {pd product} {ergonomic}
     bool SegmentedCodeCache                       = true                                      {product} {ergonomic}
   size_t SoftMaxHeapSize                          = 1570766848                             {manageable} {ergonomic}
     bool UseCompressedOops                        = true                           {product lp64_product} {ergonomic}
     bool UseG1GC                                  = true                                      {product} {ergonomic}
     bool UseLargePagesIndividualAllocation        = false                                  {pd product} {ergonomic}

Logging:
Log output configuration:
 #0: stdout all=warning uptime,level,tags foldmultilines=false
 #1: stderr all=off uptime,level,tags foldmultilines=false

Environment Variables:
PATH=C:\Program Files\Python312\Scripts\;C:\Program Files\Python312\;C:\Program Files\Common Files\Oracle\Java\javapath;C:\Program Files (x86)\Common Files\Oracle\Java\javapath;C:\WINDOWS\system32;C:\WINDOWS;C:\WINDOWS\System32\Wbem;C:\WINDOWS\System32\WindowsPowerShell\v1.0\;C:\WINDOWS\System32\OpenSSH\;C:\MinGW\bin;C:\Program Files\Git\cmd;C:\Program Files\Java\jdk-11.0.16\bin\C:\Program Files\Java\jre1.8.0_341\bin;C:\Program Files\MySQL\MySQL Server 8.0\bin;C:\Program Files\Microchip\xc8\v2.41\bin;C:\Program Files\Java\jdk-21\bin;C:\Program Files\nodejs\;C:\Program Files\Microsoft SQL Server\170\Tools\Binn\;C:\Program Files\Microsoft SQL Server\Client SDK\ODBC\170\Tools\Binn\;C:\Program Files\dotnet\;C:\Users\Gauta\AppData\Local\agy\bin;C:\Program Files\MySQL\MySQL Shell 8.0\bin\;C:\Users\Gauta\AppData\Local\Microsoft\WindowsApps;C:\Users\Gauta\AppData\Local\Programs\Microsoft VS Code\bin;C:\Program Files\JetBrains\IntelliJ IDEA Community Edition 2022.3.1\bin;;C:\Users\Gauta\AppData\Local\GitHubDesktop\bin;C:\Users\Gauta\AppData\Roaming\Python\Python312\Scripts;C:\Program Files\Java\jdk-21\bin;C:\Program Files\JetBrains\PyCharm 2025.2.0.1\bin;C:\Users\Gauta\AppData\Local\PowerToys\DSCModules\;C:\Users\Gauta\AppData\Local\Programs\cursor\resources\app\bin;C:\Users\Gauta\AppData\Roaming\npm;C:\Users\Gauta\.dotnet\tools
USERNAME=Gauta
OS=Windows_NT
PROCESSOR_IDENTIFIER=AMD64 Family 23 Model 104 Stepping 1, AuthenticAMD
TMP=C:\Users\Gauta\AppData\Local\Temp
TEMP=C:\Users\Gauta\AppData\Local\Temp




Periodic native trim disabled

---------------  S Y S T E M  ---------------

OS:
 Windows 11 , 64 bit Build 26100 (10.0.26100.8875)
OS uptime: 1 days 13:12 hours
Hyper-V role detected

CPU: total 12 (initial active 12) (12 cores per cpu, 2 threads per core) family 23 model 104 stepping 1 microcode 0x8608103, cx8, cmov, fxsr, ht, mmx, 3dnowpref, sse, sse2, sse3, ssse3, sse4a, sse4.1, sse4.2, popcnt, lzcnt, tsc, tscinvbit, avx, avx2, aes, clmul, bmi1, bmi2, adx, sha, fma, vzeroupper, clflush, clflushopt, hv, rdtscp, rdpid, f16c
Processor Information for processor 0
  Max Mhz: 2100, Current Mhz: 1988, Mhz Limit: 2100
Processor Information for processor 1
  Max Mhz: 2100, Current Mhz: 1988, Mhz Limit: 2100
Processor Information for processor 2
  Max Mhz: 2100, Current Mhz: 1988, Mhz Limit: 2100
Processor Information for processor 3
  Max Mhz: 2100, Current Mhz: 1988, Mhz Limit: 2100
Processor Information for processor 4
  Max Mhz: 2100, Current Mhz: 1988, Mhz Limit: 2100
Processor Information for processor 5
  Max Mhz: 2100, Current Mhz: 1988, Mhz Limit: 2100
Processor Information for processor 6
  Max Mhz: 2100, Current Mhz: 2100, Mhz Limit: 2100
Processor Information for processor 7
  Max Mhz: 2100, Current Mhz: 1988, Mhz Limit: 2100
Processor Information for processor 8
  Max Mhz: 2100, Current Mhz: 1988, Mhz Limit: 2100
Processor Information for processor 9
  Max Mhz: 2100, Current Mhz: 1988, Mhz Limit: 2100
Processor Information for processor 10
  Max Mhz: 2100, Current Mhz: 1988, Mhz Limit: 2100
Processor Information for processor 11
  Max Mhz: 2100, Current Mhz: 1988, Mhz Limit: 2100

Memory: 4k page, system-wide physical 5989M (192M free)
TotalPageFile size 24421M (AvailPageFile size 7M)
current process WorkingSet (physical memory assigned to process): 218M, peak: 220M
current process commit charge ("private bytes"): 253M, peak: 256M

vm_info: Java HotSpot(TM) 64-Bit Server VM (21.0.6+8-LTS-188) for windows-amd64 JRE (21.0.6+8-LTS-188), built on 2024-12-03T10:50:54Z by "mach5one" with MS VC++ 17.6 (VS2022)

END.
